이 근처에 [24시간:시간] [운영:행동]하는 [약국:장소]이 있니?
이름이 뭐야?
여태 아이들이 [전화:행동] 한 통 없이 늦는 이유를 넌 알고 있냐?
[양배추:음식]가 너무 크니까 또 잘라 먹어야 해서 불편해
[안방:장소] 좀 데려다주겠니?
밤새 한[잠:행동]도 못 잤어
[주방:장소] 좀 데려다줄래?
[방:장소]이 축축해서 곰팡이가 많다
[화장실:장소] 데려다줘
만들다 태웠는지 [김치찜:음식]에서 탄 맛만 났어
난 못 해
말동무가 되어줘서 즐거웠단다
대화하지 않을래?
[시계:가구]가 고장난 건 아닌지 확인해봐
"배고픈데, 딸이 [밥:음식]을 차려주지 않아서 짜증 나"
[약:위생용품]값이 얼마나 들든 관심 없어
너 어떻게 생겼는지 보고 싶다
[소고기:음식]가 하나같이 질겼어
그건 하기 싫어
내가 [약:위생용품]을 [부엌:장소]에 둔 것 같은데 너무 어두워서 찾을 수가 없다
[성당:장소]에서 성경 읽고 싶다
나 좀 [발코니:장소]에 데리고 가줘
그만하고 쉬어야겠다
다시 젊어진다면 [술:음식]도 [담배:음식]도 다 끊을 텐데
친절한 간병인 덕에 [아침:시간]에 일어나는 게 싫지 않아
[발코니:장소]에 데려다주라
바닥이 불구덩이 같다
[세수:행동] 후에 [손톱:신체부위]을 자를 건데 도와줄래
[화장실:장소] 가게 [몸:신체부위]을 일으켜 줘
[안방:장소] 좀 데려다주라
[팔:신체부위] 좀 [베개:가구] 위에 올려 줘
이쯤하면 충분해
[충전기:가구]를 찾아줘
인정 못 한다
그만하고 다음에 보자
딩동딩동
우편번호가 뭐였는지 알려줘
[어깨:신체부위]를 돌려줘
뭘 넣었는지 딸이 만든 [쌈장:음식]은 정말 이상한 맛이었어
음악 좀 듣게 해줘
[산책:행동] 가자
공부를 하고싶다
잠자리가 불편해서 못 자겠어
"고맙지만, 거절이다"
[다음 주:시간] [날씨:날씨]를 미리 알 수 있을까?
[면도:행동]를 해야겠으니 [거울:가구] 좀 들어줄래
말 그만해
"[8,000원:가격]짜리 [커피:음식]라더니 쓰기만 했어"
[배:신체부위]가 부글거리는 게 [화장실:장소] 좀 다녀와야겠어
[침대:가구]에서 일어나게 도와줘 봐
강아지랑 [산책:행동] 나가고 싶어
[목:신체부위] 좀 받쳐 주라
잘 부탁합니다
[아침:시간]에는 [산책:행동]하다 길을 잃어서 아주 당황했지
나중에 다시 말하자
찬성해야지
[휴대폰:가구] 밝기를 조정하고 싶어
글씨가 크게 보이는 [휴대폰:가구]을 사고 싶어
그동안 말해줘서 고마워
일어서게 해 줘
오랜만에 문자하니까 재밌었어
[손톱:신체부위]이 점점 갈라져
[양치:행동]를 도와줘
벨소리가 너무 커서 깜짝 놀란다
[잠:행동] 좀 푹 자고 싶어
[삼겹살:음식]이 너무 질겨서 먹기 힘들어
[비지찌개:음식]가 차갑잖아
[휴대폰:가구]을 어디서 잃어버렸는지 알 수가 없네
딸이 멀쩡한 [식빵:음식]에 이상한 [잼:음식]을 발라줘서 남겼어
[반짇고리:가구] 안에 [바늘:가구]이 없는데 찾아봐줄래
[입맛:증상]이 없어서 [아침:음식]을 걸러서 그런지 기운이 없네
답장 그만해줘
[부엌:장소]에 있는 쓰레기 좀 치워야겠다
명절에 누구에게서 선물이 왔는지 확인해줘
하이!
"[아침:시간]마다 창문으로 [담배:음식] 냄새가 들어오는데, 누가 피우는 건지 궁금해"
이제 그만하자
[방:장소]에서 [보청기:생활보조기구] 좀 가져와
[방:장소]이 냉골이라 [감기:증상] 걸리겠어
자식한테 [알몸:신체부위]을 보이고 싶지 않은데 대신 씻겨줘
하루종일 [잠:행동]을 못 잤더니 [몸:신체부위]에 힘이 하나도 없어
여름마다 이렇게 습해서 어떻게 살지
글자를 배워야겠다
들어줘서 고생 많았고 다음에 또 만나
이제는 [팔:신체부위]에 힘이 없어서 [전동 휠체어:생활보조기구]를 사야겠어
문지방에 걸려 넘어졌어
[머리:신체부위]를 감아야 하는데 [샴푸:위생용품]가 없네
여기까지만 합시다
[텔레비전:가구] 소리를 크게 해놨더니 [귀:신체부위]가 아파
[입:신체부위] 주위로 [포진:증상]이 생겼어
[약국:장소]에서 나를 무시하는 것 같아서 기분이 상했어
[라디오:가구] 켜줘
[내일:시간] 의사 선생님이 오시지?
물을 뿌려도 [방:장소]이 건조해
[만둣국:음식]에 [만두:음식]가 얼마 없어서 실망스러웠지
[복지관:장소]에서 만난 친구들도 하나둘 떠나니까 정말 외롭네
요양사는 [몇 시:시간]에 온대?
마음 편히 좀 자고 싶다!
[흰 머리:신체부위]를 가리게 검은색으로 염색하고 싶다
[목욕탕:장소] 좀 데리고 가줘
찬[물:음식]을 달랬더니 미지근한 [물:음식]을 줘서 기분이 나빴지
심심해서 왔어
나이가 드니 [밤잠:행동]이 줄어서 큰일이야
[다리:신체부위] 반듯이 펴 줘
옳은 의견이었어
오른쪽 [다리:신체부위] 세워 줘
[소화:증상]가 안 돼서 짜증만 나
[내일:시간]이 어떤 날인지 알려줘
[몸:신체부위] 좀 반듯이 눕혀 줘
스님께 인사 드리게 [절:장소]에 데려다줘
뭐라고 얘기해야 하나?
[소화:증상]가 안 되는 [음식:음식]은 무서워
[머리:신체부위] 감게 [샴푸:위생용품] 좀 갖다줄래?
오늘은 뭐 하고 시간을 보낼까?
그만하고 다음에 이어서 말하자
근거가 없는 이야기야
[공원:장소]에 데려다주겠니?
[밖:장소]은 또 왜이렇게 추운 거야
자식 걱정 때문에 [잠:행동]을 못 자
내가 좋아하는 [텔레비전:가구] 드라마가 [오늘:시간] 왜 결방했는지 알아?
옷에서 냄새가 나서 빨아야겠어
[턱:신체부위]이 너무 간지러워
[뼈다귀해장국:음식]은 뼈를 바르는 게 성가셔서 먹기 싫어
[눈:신체부위]이 너무 건조해
[오늘:시간]은 [어제:시간]보다 [날씨:날씨]가 따뜻한 편이야?
역시 딱딱한 [바게트:음식]는 안 먹는 게 상책이라니까
내가 얼마나 잤는지 알려줄래
[거실:장소]이 왜 이렇게 어둡지?
조만간 다시 연락줄게
대단한 의견이었어
[집:장소]에만 오면 너무 답답해
[거실:장소]에 데리고 가줄래?
[화장실:장소] [환풍기:가구]를 켜놔도 습해
넘어진 뒤로 [손목:신체부위]을 조금만 돌려도 아파
날이 더워서 그런지 [입맛:증상]이 없어서 [밥:음식]은 안 먹을래
[샤부샤부:음식]가 너무 뜨거워서 먹는 게 얼마나 힘들었는지 몰라
[마당:장소]에 데려다주겠니?
[배꼽:신체부위] 때 좀 닦아줘
검사 결과가 언제 나오는지 까먹었으니 [병원:장소]에 연락해줘
[머리:신체부위] 좀 감게 도와줘
눕혀 줄래?
[올해:시간] [겨울:시간]은 [눈:날씨]이 많이 내릴까?
[절:장소]에 가고 싶다
[기저귀:위생용품]를 갈고 나서는 [손:신체부위]을 깨끗하게 씻어야 하니까 도와줘
[집:장소]에 아무도 없으니까 괜히 무섭다
나 앉게 좀 도와줘
하루종일 누워 있었더니 [등:신체부위]이 배겨
일어났어?
[소화:증상]가 안 돼도 [약국:장소]이 너무 멀어서 [소화제:위생용품] 사러 가기가 싫어
[마을회관:장소]에 데려다주겠니?
받아쓰기 공부를 하고 싶다
[다리:신체부위] 좀 주물러 봐
꼼꼼히 닦아줘
설명서가 있어도 이해를 못하겠으니 전화를 해봐야겠다
배가 고파도 찬[밥:음식]은 먹기 싫어
나 똥 누러 가고 싶은데…
매운 [음식:음식]을 먹은 것도 아닌데 갑자기 [콧물:증상]이 왜 흐르는지 걱정이네
죽기 전에 공부를 해보고 싶다
언제 하는데
그 [약국:장소]은 약사가 불친절해서 갈 때마다 기분이 상해
한번 [잠:행동]이 들면 전화벨 소리도 못 들어
미끌거리는 곳을 닦아줘
검진 결과가 나쁘다는 이야기를 듣고 싱숭생숭해서 [술:음식] 한잔했어
내 마음대로 자는 게 힘들어
손주들이 [전화:행동]를 안 해서 서운해
[감자샐러드:음식]는 느끼해서 많이 못 먹겠어
[밤:시간]에 [잠:행동]을 못 자니까 [낮:시간]에 너무 피곤해
[작년:시간]에 보고 못 봤는데 잘 지내는지 아이들 목소리라도 듣고 싶다
아내의 손맛으로 무친 [나물:음식]이 먹고 싶다
[술:음식]을 많이 마셨더니 [머리:신체부위]가 빙빙 돌아
[내일:시간]은 날이 맑아지겠지?
안녕하길
[내일:시간]은 [날씨:날씨]가 좋니?
변기를 닦았는데도 냄새가 난다
나가서 [바람:날씨] 쐬게 내 [목발:생활보조기구] 좀 가져다줘
[마당:장소] 좀 데리고 가줘
[화장실:장소]만 오면 너무 답답해
그다지 좋은 생각은 아닌듯해
[옥상:장소] 좀 데리고 가라
그동안 친구처럼 말해줘서 고마웠다
[잠:행동]을 푹 자니까 확실히 기분이 좋군
제대로 못 자겠어
의사 선생님은 왜 [약:위생용품]을 줄이셨을까?
[양치:행동] 도와줘
나한테 엄청난 소식이 있다
말동무 해줘서 고마웠단다
해야겠어
용납할 수 없다
나도 같아
가벼운 [운동:행동]은 해도 되겠지?
[고개:신체부위]를 반대로 돌려줄래?
나중에 또 찾으러 올게
늙어서 그런지 [눈:날씨]만 보면 눈물이 나
[틀니:생활보조기구]를 어디에 뒀지
이렇게나 의견이 같을 수가 있다니
종교는 없지만 [절:장소]에 가면 마음이 평온해져
[치약:위생용품]을 갖다줘
[닭곰탕:음식]이 다 식어서 [국물:음식]이 짠데
그만 아프고 싶다고 [기도:종교활동]드렸어
요양사들이 [방문:행동]하겠다던 [시간:시간]이 [몇 시:시간]야?
누워있어도 [머리:신체부위]가 아파
오늘은 무슨 얘기할까?
[팔:신체부위]을 [베개:가구] 위에 올려 줘
딱딱해서 [호두:음식]는 먹기 싫어
[오늘:시간]은 뭐든 다 좋아
일어나게 [목발:생활보조기구] 좀 가져와
[허리:신체부위]가 쿡쿡 쑤시는 게 [잠:행동]을 잘 수가 없네
[속옷:위생용품]에서 냄새가 나
전원이 켜졌는지 봐줘
[변기:가구]에 얼룩이 많다
"[이:신체부위]도 안 좋은데, 다 달라붙게 [엿:음식]을 왜 먹냐"
[날:날씨]이 풀리니 꽃이 보고 싶다
"[케첩:음식]인 줄 알았는데, [소스:음식]가 너무 매워서 아주 혼났네"
[잔치국수:음식]를 먹는데 머리카락이 나왔지 뭐냐
큰 도움은 되지 않는 것 같다
아무리 자려고 노력해봐도 [잠:행동]이 오질 않아
[멍:증상]든 자리를 만지면 아파
[단잠:행동] 자 본 지가 언제인지 까마득해
간병인은 보통 [몇 시:시간]에 [퇴근:행동]해?
습해서 벽지가 너덜너덜해
[베개:가구] 때문에 [목:신체부위]도 아프고 [어깨:신체부위]도 아파
[산보:행동] 나가고 싶어
큰 [방:장소] 좀 데려다주라
얘기 그만할란다
나도 그렇게 생각했어
듣느라 고생했다
[선잠:행동]을 잤더니 피곤해 죽겠네
편하게 자고 싶어
[머리:신체부위]를 좀 더 행궈줘
오랜만에 [운동:행동]했더니 [온몸:신체부위]이 쑤셔서 [잠:행동]을 못 자겠어
아들이 왜 [연락:행동]이 없는 걸까?
도착했다고 연락줘야지
[팔:신체부위] 좀 뻗어 주라
머리가 더 굳기 전에 글자를 배우고 싶다
빨래에서 쉰내가 난다
진짜더라
[허벅지:신체부위]에 [습진:증상]이 생긴 것 같아
[채소:음식]가 썩기 전에 얼른 먹어야지
딱히 좋진 않다
[연어덮밥:음식]이라더니 [연어:음식] 상태가 영 아니더라고
[윗집:장소] 발자국 소리가 너무 커
[작은방:장소]이 너무 어두워
[가끔씩:시간]은 느끼한 [음식:음식]이 땡길 때도 있어
[등산:행동]할 만한 낮은 [산:장소]이 있으려나?
자리에서 일어나게 해 줄래?
간병인이 [몇 시:시간]쯤 돌아올 것 같니?
그렇게 말할 줄 알았다
[발톱:신체부위]을 다듬어야 하는데 도와줄래?
[뒷간:장소] 데려다줘
잘 때마다 [악몽:증상]을 꾸니까 [잠:행동]자는 게 무서워
저기가 어딘지 말해줘
[미용실:장소]에 데려다줘 봐
마음에 안 찬다
자도 자도 피곤해
[엉덩이:신체부위]를 잡아 줘
왜 이렇게 건조하지
[몸:신체부위]을 [침대:가구] 헤드 쪽으로 밀어줄래?
그렇다고
더 이상 [병원:장소]에 안 갔으면 좋겠다
"누가 내 [보청기:생활보조기구]를 건드린 것 같은데, 열받는다"
재밌는 대화였어
기분이 꿀꿀해서 [술:음식] 한잔해야겠다
[내일:시간] [아침:음식]은 [몇 시:시간]쯤 먹을까?
"[미세먼지:날씨]가 심한 것 같은데, 나가도 될까?"
아들이 내 [밥:음식]을 잘 챙기지 않아서 열받아
[이불:가구]에 오줌을 싸버렸는데 도와줄래
[잠:행동]은 안 오고 할 일은 없고
[오렌지:음식]가 신선하지 않았어
이만하면 가봐도 될 거 같아
그렇게 하는 게 좋겠다
아내가 잘하던 [계란국:음식]을 먹고 싶다
하수구에서 이상한 냄새가 난다
옷을 빨아도 냄새가 나네
내가 일부러 [에어컨:가구]을 안 끄고 나간 게 아닌데 아들이 화를 내서 억울해
[에어컨:가구]을 작동시켜줘
[거실:장소]에 [햇빛:날씨]이 드니까 좀 살 것 같아
필요 없을 것 같구나
죽은 강아지가 보고싶어
만사 귀찮아
[심장:신체부위]이 너무 빨리 뛰어
[식탁:가구]'로 데려다줄래?
[창고:장소]가 너무 어둡다
[이곳:장소]은 너무 좁아서 답답하고 이상한 냄새가 나
도움을 받았어
그건 너무 심하잖아
누가 [다리:신체부위]를 누르듯이 아파
도저히 못 하겠다
[체:증상]한 것 같아
미세먼지가 심해서 환기를 못 시키니까 [집:장소]이 답답해
만나서 반갑단다
배운 게 많은 대화였어
[침대:가구]에서 일어나고 싶어
[피부:신체부위]에 [주름:증상]이 없었으면 좋겠어
응해줘서 고마워
[등:신체부위]이 근질근질해서 신경 쓰여
[집:장소]이 건조하니까 [피부:신체부위]가 간지러
[어제:시간] [양로원:장소]에서 먹었던 [과자:음식]가 먹고 싶다
일어나자마자 [몸:신체부위]이 가뿐한 게 기분도 최고군
[가위:가구] 좀 가져와
[침대:가구]에 앉고 싶어
[약국:장소]에서 내내 딸이 제멋대로 굴어서 얼마나 거슬리던지
아내 걱정 때문에 [잠:행동]을 못 자
[잠:행동]을 못 자겠어
웬만하면 먹으려고 했는데 [잡채:음식]가 다 불어서 못 먹겠더라
[밤:시간]에 [잠:행동]을 못 잤더니 온종일 피곤해
한쪽 [눈:신체부위]이 잘 안 감겨
[약:위생용품]을 먹어야 하니까 약통 좀 갖다줘
[냉장고:가구] 소리 때문에 시끄러워서 잠을 못자겠어
[병원:장소]에만 있었더니 [머리:신체부위]가 쑤셔
[집:장소]에 잘 돌아왔다고 연락 줘야겠다
날이 너무 더워서 따뜻한 [커피:음식]는 못 마시겠다
필요한 게 있으면 다시 부를게
[귀:신체부위] 뒤에서 냄새가 나는 거 같으니 닦아줘
[오늘:시간] 있었던 일을 사람들에게 말해줘야겠다
[시간:시간]이 [몇 시:시간]인데 [바깥:장소]이 벌써 어둡지?
핸드크림 발라줘
[거실:장소]에 데리고 가줘
[바깥:장소]은 밝은데 [방:장소]은 너무 어둡다
내가 멋진 소식을 들고 왔단다
[지금:시간] [몇 시:시간]쯤 됐어?
햇빛을 가려줄 양산을 하나 사고 싶다
택배가 언제쯤 오는지 알 수 있을까
명절이니까 자식들에게 덕담 문자 보내줘
다음에도 부탁 좀 하자
머리털이 많아지고 싶어
덕분에 오랜만에 즐거웠어
달력 확인해줘
나 좀 [서재:장소]에 데려다주겠니?
별로인듯해
창문을 닫으니까 답답해
냄새가 안 없어져
[엉덩이:신체부위]에서 냄새 나니까 닦아줘
나 좀 [발코니:장소]에 데리고 가라
좀 더 행궈줘
새로운 소식이 있단다
"[모레:시간] 친구들과 만나기로 했는데, [날씨:날씨]가 어때?"
달력을 확인해줘
변을 쌌으니 [엉덩이:신체부위]를 닦아줘
[빈혈:증상] 때문인지 자꾸 [머리:신체부위]가 어지러워
[천둥:날씨]이 언제 그칠지 너는 아니?
그건 아닌 것 같아
[어깨:신체부위] 좀 펴 주겠니?
[뒤통수:신체부위]가 아파서 [잠:행동]이 안 와
[몇 시:시간]까지 하는 거야
[몸:신체부위] 좀 이리저리 움직여 줘
그럼 해보자고
"아들이 사 준 [에어컨:가구]이 [몇 백만 원:금액] 한다는데, 되팔면 돈이 좀 되나?"
나 좀 일어나게 해 줄래?
[침대:가구]에 앉혀 주라
하지 말아줄래?
먼저 간 친구가 보고싶다
[절:장소]이 처음이라 [절:종교활동]하는 방법을 자세하게 알려줄래?
[팔:신체부위] 좀 뻗쳐 줄래?
[눈:신체부위]이 침침하니까 [발톱:신체부위]을 못 자르겠어
더 고민할 필요 없겠는데
[선풍기:가구]를 다른 방향으로 돌려줘
할래
기쁜 소식을 전해 줄게
[몸:신체부위] 좀 씻게 뜨거운 물을 틀어줘
[화장실:장소]에 데려다줘
그만할까?
[손가락:신체부위]에 [습진:증상]이 생긴 것 같아
[피곤:증상]했는지 [입:신체부위] 안이 다 헐었어
[휠체어:생활보조기구]에서 일어나게 잡아 주겠니?
[귀:신체부위]담아듣겠어
[휠체어:생활보조기구] 돌아가는 소리가 이상해
[잠:행동]도 안 오고 [밤:시간]이 너무 길어
[텔레비전:가구]을 틀어도 지루해
그만하고 다음에 더 이야기하자
[무좀:증상] 없애줘
[복지관:장소]에 가도 친구들이 다 [요양원:장소]으로 떠나서 너무 외로워
쓸모 있겠는데
[종아리:신체부위]가 너무 부었어
[주방:장소]에 데리고 가줘라
[바깥:장소]은 밝은데 [방:장소]은 왜 이렇게 어둡지?
[발바닥:신체부위]에 [쥐:증상]가 났어
예리하네
[상체:신체부위]를 눕혀 줄래?
[작은방:장소]에서 이상한 냄새가 나
[머리:신체부위]를 감기 전에 [손톱:신체부위] 자르는 걸 도와줘
딱히 좋은 생각은 아니지 싶다
[내일:시간] [병원:장소] 갈 생각을 하니까 [잠:행동]이 안 와
우리랑 같이 살게 된 걸 환영해
간병인이 잠깐 [외출:행동]하겠다고 나간 뒤로 [시간:시간]이 얼마나 지났지?
인정해
[얼굴:신체부위] 좀 봐 보자
"간병인이 [오늘:시간] [출근:행동]을 안 해서 그러는데, 간병인 전화번호 좀 알려줄래?"
그럴 법해
[지금:시간]이 [몇 시:시간]인가?
[텔레비전:가구]을 틀어도 재미가 없네
[휴대폰:가구] 배터리가 다 닳았는데 [충전기:가구] 좀 갖다줄래
[내일:시간] 또 보자
다른 드라마를 보고 싶어
[방석:가구]이 어디에 있지
답장 그만해라
물 온도를 체크해줘
적절한걸
[귀:신체부위]에 물이 들어간 것 같아
그렇게 해보려고
[어제:시간] 간 [음식점:장소]은 위생도 [음식:음식]도 별로였어
숨 쉬는 게 힘들어
[몸통:신체부위]을 반대로 돌려줄래?
내가 다니는 [병원:장소] 이름이 뭐더라?
"[리소토:음식] 같은 [외국:장소] [음식:음식]은 손녀 때문에 먹지, 맛은 없어"
무슨 말을 하면 좋겠니?
[부엌:장소]에 가서 뭐 있나 보자
의사 선생님은 [오늘:시간] 안 오시지?
[병원:장소] 좀 데리고 가줄래?
[보일러:가구]를 틀었으니 씻는 걸 도와줄래
[머리:신체부위] 좀 들어 주라
[거기:신체부위] 좀 닦아줘
저기가 어느 [지역:장소]인지 알 수 있을까
너한테 하고 싶은 말이 있어서 왔어
[소파:가구]에서 일어나게 잡아 줘
변을 닦는 게 힘들어서 씻고 싶은데 도와줘
[몇 시:시간]였는지 알려줘
[팔꿈치:신체부위] 때를 씻겨줘
[멀미:증상] 기운이 아직도 있어
[휠체어:생활보조기구]에서 일어나게 도와줘 봐
연속극은 [몇 시:시간]에 하는지 알려줄래
동감이지
너무 어두워서 물건을 못 찾겠어
상한 건지 이 [참치김밥:음식]은 맛이 조금 그렇다
다음에는 재밌는 이야기만 하자
"[열:증상]이 내려가지 않는데, [약:위생용품]을 바꿔야 할까?"
먹으려고 꺼냈더니 벌써 [떡:음식]이 상한 것 같네
씻어야겠으니 물 온도 좀 올려줘
당연하잖아
[의자:가구]에서 일어나게 도와줘 봐
자는 것도 일이야
손주들에게 줄 장난감을 사고 싶다
[장사:행동]하던 버릇이 남았는지 [잠:행동]을 깊이 못 자
들어줘서 고마웠고 또 만나자
안 필요할 것 같아
이렇게 건조한데 [히터:가구]까지 트네
[초밥:음식]이 [밥:음식]이고 [생선:음식]이고 다 말라서 돈 주고 사 먹을 맛이 아니었어
엎드리게 도와줘
[손:신체부위]에 [상처:증상]가 생겼어
[얼굴:신체부위]이 간지러워
[오늘:시간]은 유난히 죽은 친구들이 보고 싶다
다음에는 어떤 말을 하면 좋을지 고민해볼테니 그만 쉬어
[방:장소]으로 들어갈래
등 좀 밀어봐
아버지가 연탄불에 구워주셨던 [감자:음식]가 먹고 싶다
[약국:장소] 좀 데리고 가라
[다리:신체부위]를 접어줘
비위가 약해서 [내장탕:음식]은 못 먹겠어
옷에 냄새가 벤 것 같아
딸 [집:장소]은 너무 더워서 못 가
알람 [시간:시간]을 바꿔줘
[보청기:생활보조기구]를 내가 어디에 뒀더라?
앉는 걸 도와줘
먹어도 될까
그럴 수 있겠지
아들이 [보행기:생활보조기구]를 얼마에 샀는지 궁금한데
[내일:시간]은 [오늘:시간]보다 더 많은 이야기를 할테니 그만 쉬어
이 [병실:장소]에서는 냄새가 나서 옮기고 싶어
[방:장소]이 추워
[아메리카노:음식]는 쓰기만 하던데
며느리가 끓여주는 [된장찌개:음식]가 먹고 싶다
[미세먼지:날씨]가 심해서 그런지 [아침:시간]부터 [목:신체부위]이 아파서 기분이 별로네
입가에 묻은 [치약:위생용품]을 닦아줘
[기저귀:위생용품]에서 냄새가 나는데 갈아줄 수 있겠니
[몸:신체부위]을 닦고 싶은데 물수건 좀 갖다줘
확실하지
반려견 장난감을 사고싶다
나 너랑 얘기하러 왔어
너랑 이렇게 만나서 기뻐
딸이 [집:장소]에 언제 오기로 했지?
[등:신체부위]이 너무 간지러워
[머리:신체부위] 좀 내려 줘
[허리:신체부위]가 쑤시는 게 너무 오래 누워 있었나 봐
파마하러 가야겠어
[눈:날씨] 보면 괜히 슬퍼져서 싫어
[기저귀:위생용품]를 갈고 싶은데 도와줘
[경로당:장소]만 가면 답답해서 [머리:신체부위]가 지끈거려
[커튼:가구]을 치고 싶어
[유뷰초밥:음식]이 생각보다 달아서 몇 개 못 먹겠더라
이제 가려니까 섭섭하네
다음에는 우는 [얼굴:신체부위]이 아닌 웃는 [얼굴:신체부위]로 만나자
내가 신기한 얘기 들려 줄까?
[산보:행동] 가자
별일도 없었는데 [어제:시간]는 온종일 울었어
그 생각 정말 멋지다
나 좀 큰 [방:장소]에 데려다주겠니?
[속눈썹:신체부위]이 자꾸 [눈:신체부위]을 찔러
[발톱:신체부위]이 기니까 불결해 보이는데 다듬어줘
[약:위생용품] 기운이 도는지 [머리:신체부위]가 어지럽다
알람 소리를 꺼줘
그것도 좋겠네
오랜만에 대화하니까 기분 좋았단다
[눈:신체부위]에 [눈곱:증상]이 낀 것 같아
[머리:신체부위]가 너무 찝찝한데 씻겨줘
새로운 소식이 있다
[몸:신체부위]을 뒤집어 주겠니?
빠른 시일 내로 곧 보자
"딸이 [리코타치즈:음식]가 인기가 많다고 해서 먹어봤는데, 무슨 맛인지 모르겠더라"
다친 적이 없는데 [멍 자국:증상]이 생겼어
내가 지금 마음 편히 [잠:행동]잘 상태가 아니야
편하게 자고 싶어
[몸통:신체부위]을 반대쪽으로 돌려줄래?
딸이 [전화:행동]를 안 받아서 속상해
나한테 재미난 소식이 있다
[베란다:장소] 창문을 닫아도 자동차 소리 때문에 시끄러워서 살 수가 없어
이거 말고 다른 드라마는 안 하나
왜 이렇게 어두운 거야?
그런 듯하다
[발가락:신체부위]에 [무좀:증상]이 생겼어
[집:장소] 밖에 나가도 재미있는 일이 없다
[골:신체부위]이 아파
[반찬:음식]이 쉬어서 먹을 게 없네
얼른 [산책:행동] 갈래
[집:장소]에 혼자 있는 건 무서운 일이야
[발:신체부위] 씻겨줘
무슨 얘길하지?
이해되지
[옷방:장소] 좀 데리고 가라
나 하고 싶은 게 있어
[이불:가구]에서 냄새가 나는 것 같아
신문이 어딨는지 찾아와
[집:장소] 앞 [공원:장소]에 운동기구가 있니?
오늘은 잘 수 있을까?
[기침:증상]을 그만하고 싶다
넌 이름이 뭐냐?
그렇게까진 필요 없는듯해
다 헛소리 같아
어이
속이 더부룩해서 [잠:행동]을 못 자겠어
외국은 [몇 시:시간]인지 알려줘
그건 됐습니다
[어깨:신체부위] [안마:행동]를 해줄래
하기가 두려워
[뒷목줄기:신체부위]가 뻣뻣하고 무거워
[포도 주스:음식]는 특히 달아서 싫어
[여름:시간]이니까 [선풍기:가구]를 사고 싶다
[방:장소]에만 있었더니 [머리:신체부위]가 지끈거리네
심심해서 들러봤어
[피부:신체부위]가 예전처럼 좋았으면 좋겠어
아버지가 연탄불에 구워주셨던 [고구마:음식]가 먹고 싶다
[입술:신체부위]이 터져서 [밥:음식] 먹기가 사나워
저는 이해할 수 없습니다
작은 [방:장소] 좀 데려다주겠니?
할 게 있어
[밥통:가구]에 [밥:음식]이 남았나 확인해줄래
아이들이 나를 [요양원:장소]에 보내든 말든 알 게 뭐야
[시간:시간]이 충분히 있는지 봐줘
답답해서 밖에 좀 나가고 싶어
[집:장소] 앞 [정류장:장소]에 버스가 언제 오는지 아니?
[귀지:증상] 좀 확인해줘
그렇다
특히 [저녁:시간]이 되면 지치고 우울해져
나 소변
정말 그럴지도 모르겠다
밖에 [비:날씨]가 내리고 있니?
[집:장소] 앞에 [산책:행동] 갈래
"자식들이 [요양원:장소] [이야기:행동]를 하던데, 무슨 생각인 건지 궁금하다"
[밤:시간]마다 [악몽:증상]을 꾸니 [잠:행동]을 못 자겠어
옳지
"[딸기:음식]가 예뻐서 샀는데, 맛은 별로더라"
건조해
끝이야
[약국:장소]에 데리고 가줘
[파마약:위생용품]이 너무 독했는지 [머리:신체부위]가 따가워
[근육통:증상]이 심해졌어
주인이 다 식은 [멸치국수:음식]를 줘서 맛이 없었지
너랑 이렇게 보니까 반갑네
나야 언제나 동의한다고
[베개:가구] 정리를 하고싶은데 도와줘
[잇몸:신체부위]이 부어서 [양치:행동]하는 게 어려우니 도와줘
그다지 좋진 않아
다음에는 [오늘:시간]보다 밝은 일로 만나자
[잠귀:증상]가 너무 밝아서 깊이 자질 못 해
[주방:장소] 좀 데리고 가라
내 생각과 같아
깨끗하게 씻겨줘
"[햇빛:날씨]가 쨍쨍한 게 놀기 좋은 날인데, 아이들은 뭘 하고 있을까?"
내 얘기 들어줄래?
하나님께 감사 [예배:종교활동]를 올리고 싶다
소변 색이 빨개
잠은 잘 잤어?
[냉장고:가구]에서 나쁜 냄새가 나서 짜증 나
그렇게 해볼까 봐
[운동:행동]을 하러 가고 싶다
한숨 자게 나 좀 [방:장소]으로 옮겨 줘
[팔:신체부위]을 [베개:가구] 위에 올려 주겠니?
[거실:장소] [소파:가구]로 좀 데려다줄래?
[늦잠:행동]을 자고 싶어도 불안해서 못 그래
[굴국:음식]을 먹고 싶다
여러 의견을 듣는 게 좋으니 다른 [병원:장소]도 가봐야겠어
[기침:증상]이 멈추지를 않아서 힘들었어
[경로당:장소]은 꼭 닭장 같이 답답해
그 [레스토랑:장소]은 [음식:음식]이 늦게 나오는 데다 맛도 형편없어
죽는 건 [잠:행동]자는 것과 비슷한 느낌일까?
이게 마지막 입원이면 좋겠다
이제 가
그동안 참 고생 많이 했다
[귀지:증상] 좀 파줄래
[안과:장소]를 가서 시력 검사를 받아보고 싶어
해볼 만하잖아
[공원:장소] 좀 데리고 가줘
이놈의 [불면증:증상] 어떻게 해야 사라지지?
옷을 빨았는데도 냄새가 나
나 좀 [마루:장소]에 데려다주라
[소파:가구]에서 일어나게 해 줘 봐
"며칠 [집:장소]에 오지 않아서 그러는데, 간병인 전화번호 좀 알려줄래?"
[겨울:시간]이 되니까 [손:신체부위]이 부르튼 것 같아
[햄버거:음식]가 다 식어서 맛없었어
무슨 얘기하는 게 좋겠니?
[어묵:음식]이 흐물거려서 먹음직스러워 보이지 않잖아
[운동:행동]을 하면 [몸:신체부위]도 마음도 개운해진다는 게 맞구나
"[알밥:음식]에 [날치알:음식]이 이렇게 적은데, 이게 [알밥:음식]이냐"
나 너한테 부탁할게 있어
나와 주셔요
[연근:음식]을 안 좋아해서 [연근조림:음식]도 먹기 싫다
그렇군
딱히 안 필요해
[바구니:가구]에서 실 좀 가져와
딸이 [떡:음식]을 크게 잘라놓아서 먹다 [목:신체부위]이 막힐 뻔했어
거기 있어?
[약:위생용품]이 너무 독한지 속이 울렁거려
이리 나와 주세요
[샤워:행동]하고 싶으니까 [보일러:가구] 틀어줘
[몸:신체부위]을 벽 쪽으로 당겨 주라
오랜만에 얘기하러 왔어
나는 마음에 안 찬다
[우유:음식]가 상해서 다 뱉었다
[악몽:증상]을 꿔서 [잠:행동]을 못 자겠어
이정도면 다 알겠으니까 가볼게
잘 지내라
열불이 나서 도무지 [잠:행동]을 잘 수가 없어
바닥이 끈적해서 앉기가 싫어
[잇몸:신체부위]이 주저앉아서 [양치:행동]하는 게 어려워
[변소:장소] 가야겠어
난 못 할 게 분명해
그새 [딸기잼:음식]에 곰팡이가 폈지 뭐야
[노인정:장소] 좀 데려다줘 봐
[입:신체부위] 안에서 [피:증상]가 나
[수면제:위생용품] 안 먹어도 잘 자고 싶어
요양사가 [오늘:시간]부터 오나?
[초콜릿:음식]을 먹으니까 기분이 좋아졌어
[잠:행동]이 모자라서 늘 피곤해
정말 아닌 것 같습니다
[양치:행동]해야 하니까 [화장실:장소]로 데려다줘
앉아서 하는 [운동:행동]이 있을까
[양팔:신체부위] 좀 [머리:신체부위] 위로 올려 주겠니?
[입안:신체부위]에 [혓바늘:증상]이 났어
그럼 가볼게
당장은 [병원:장소]에 다녀야 하지만 그래도 다 잘될 거야
하루종일 [잠:행동]을 못 잤더니 사람이 맥아리가 없어
[북엇국:음식]이 다 식어서 먹고 싶지 않아
[불면증:증상] 때문에 [잠:행동]을 못 잤더니 피곤해
요새는 [꿈:증상]이 뒤숭숭해서 자고 싶지 않아
[보행기:생활보조기구] 잡게 가져와
저기 앉고 싶어
[침대:가구]에서 일어나게 잡아 줄래?
[총각김치:음식]는 잘라 먹어야 해서 성가셔
딱이네
[오늘:시간]은 내내 [비:날씨]가 내리는 거지?
필요 없는 것 같아
찬성할 수밖에 없겠는걸
[귀:신체부위]에서 자꾸 [진물:증상]이 나
그럴 때가 아니다
[상체:신체부위]를 벽에 기대게 잡아주겠니?
혹시 [안방:장소] [옷장:가구] 안에 내 [목발:생활보조기구]이 있을까?
최고의 생각이군
[콧구멍:신체부위]에 벌레가 들어간 것 같아
이건 별로인듯 싶어
그동안 상담해줘서 고마워
그러려던 참이었어
택배가 [몇 시:시간]에 오지
간만에 대화하니까 재밌었다
[휴대폰:가구]을 들여다보고 있었더니 [눈:신체부위]이 뻑뻑해
[현관:장소]에 데려다주겠니?
어제 내가 [몇 시:시간]에 잤는지 알려줘
별로 좋은지 모르겠다
완전히 똑같은 의견이다
넌 누구야?
[다리:신체부위] 저리니까 자세 바꿔 줘
그건 별로인듯해
하루종일 하품만 나와
"[거실:장소]에 가려면 [목발:생활보조기구]이 필요한데, 도와줄 사람 없을까?"
[잠:행동]을 설쳐
내가 오를 수 있는 낮은 [산:장소]이 있을까?
아내 씻기는 것 좀 도와줘
그건 싫습니다
완벽하다마다
나는 반대다
"[파스타:음식] [면:음식]이 [떡:음식]이 됐는데, 이걸 어떻게 먹냐?"
[이발소:장소]에 데려다줘 봐
찬성할게
책을 좀 읽고 싶은데 추천해줘
저기 앉혀 줘
오늘은 뭐 할까?
손주를 안아줘야겠으니 [손:신체부위]을 닦아줘
[세신:행동]을 받아야 하는데 도와줄래
[여름:시간]이라 [땀:증상]을 많이 흘렸는데 [세수:행동] 좀 도와줄래
인정한다
"[오늘:시간] 딸이랑 [대화:행동]하는데, 내 말은 듣는 체도 안 해서 화가 났어"
"미안하지만, 사절이다"
[화장실:장소] 가는 것 좀 도와줘
내가 엄청난 소식을 들고 왔단다
[몸:신체부위]이 가뿐한 게 마음 같아서는 [달리기:행동]를 해도 되겠어
[다리:신체부위]를 오므려 주라
[아이스크림:음식]이 너무 차가워서 [이:신체부위]가 시려
[다리:신체부위] 좀 벌려 주겠니?
의견이 잘 안 맞네
[복지관:장소]에서는 보통 뭘 하나?
바뀐 [집:장소] 번호 좀 말해줘
[안방:장소]에서 [반짇고리:가구] 좀 갖다줄래
나도 [치석:증상]이 있나 확인해줘
매일 자야 하는 것도 고역이야
아들이 [밥:음식] 잘 먹고 지내면 소원이 없지
다 차려놨더니 [저녁:음식] 먹으러 오겠다던 아이들은 왜 [연락:행동]이 없는 걸까?
건조해
[입냄새:증상]가 너무 심해서 [양치:행동]하고 싶으니 도와줘
[경로당:장소] 좀 데리고 가줄래?
[등:신체부위] 좀 반듯이 펴 주겠니?
내 생각도 그래
그리 도움 되는 건 아니야
이정도면 됐어
네 이름을 알려주겠니?
그렇게 해볼래
그만하고 싶어
"[집:장소]에 올 [시간:시간]이 지났는데, 간병인이 어디쯤 왔는지 알 수 있을까? "
난 싫은 것 같아
[샴푸:위생용품] 부탁해
[입술:신체부위]이 헌 것 같아
이제 그만 쉬어
"내가 [휴대폰:가구]을 일부러 잃어버린 것도 아닌데, 자꾸 몰아붙이니까 억울하네"
[환풍기:가구] 돌아가는 소리가 너무 시끄러
기사를 불러야겠다
혼자 [잠:행동]들기 힘들어
내가 널 어떻게 부를까?
만나서 반가웠어
[몸:신체부위] 좀 씻게 [화장실:장소]에 데려다줘
꿈에서라도 남편이 보고 싶다
검은색으로 염색해 줘
오래 잤는데도 [몸:신체부위]이 개운하지 않아
아이들한테 [전화:행동]가 안 온 지도 오래고 쓸쓸하다
[손톱:신체부위]이 길어서 잘라야겠으니 도와줘
소리에 너무 예민해서 [잠:행동]을 잘 수가 없어
[약:위생용품] 부작용인지 [온몸:신체부위]에 빨간 [반점:증상]이 생겼어
[냉장고:가구]에 넣어두어서 그런지 [아보카도:음식]가 하나도 안 익어서 못 먹어
[방:장소] 좀 데리고 가줘
[시간:시간] 괜찮을 때 또 [얼굴:신체부위] 보자
[입:신체부위]이 돌아갔어
[달고나:음식] 같은 건 달아서 다들 어떻게 먹나 몰라
[미역국:음식]이 다 식어서 짜기만 하더라
"더 말해봤자 입만 아프니, 끝내자"
다른 음악이 듣고 싶어
[밤:시간]에는 생각이 많아져서 [잠:행동]을 통 못 자
[바람:날씨]이 선선한 게 기분이 좋다
소화시키려면 [산책:행동] 해야 돼
내가 산 물품들이 맞는지 확인해봐
[손:신체부위]을 뒤집어 주라
죽기 전에 나도 영어를 유창하게 해봤으면 좋겠다
[연락:행동]도 없이 딸이 어디를 간 거지?
어서 나와 주세요
[선잠:행동]을 자서 그런지 피곤하네
[잠:행동]을 제대로 못 잤더니 정신을 못 차리겠어
"[교회:장소]를 다녀 볼까 싶은데, 어디를 가면 좋을까?"
[집:장소]에 잘 돌아갔는지 연락 좀 해야겠다
[고추장찌개:음식]가 너무 짜서 먹기 힘들었어
너한테 부탁할게 있어
넌 이름이 뭐니?
딸이 데리러 온다고 하니까 [휴대폰:가구] 좀 갖다줘
[명치:신체부위] 아래가 답답해
할 말 생각 안 나
언제 시작하는지 말해줘
[단무지:음식]에서 쿰쿰한 냄새가 나는 것 같아
나랑 같이 수다 떨래?
그다지 좋진 않다
명절에 누구한테서 선물이 왔는지 봐줘
[커피:음식] 한잔 마시면서 [일광욕:행동]하는 게 바로 행복이지
과연 그렇군
그 큰 [휠체어:생활보조기구]가 어디에 있길래 안 보이지?
다른 자세로 눕게 도와줘
괜찮군
깊이 자는 게 힘들어
[밥:음식]을 많이 먹어서 [산책:행동] 나가야겠어
[주방:장소] 좀 데려다줘
일어나게 잡아 줘 봐
난 마음에 안 들어
[시장:장소]에 데려다줄래?
오랜만에 환기를 좀 시켜야 할 거 같은데 [날씨:날씨]가 어떠려나
[변기:가구]가 지저분해
자는 시간이 항상 부족한 것 같아
영 아니지
여럿이서 자다가 혼자 자니까 [잠:행동]이 안 와
조만간 다시 부를게
나도 모르게 힘이 풀려서 바지에 변을 쌌는데 도와줄래
수고했다
[코:신체부위]가 너무 가려워
나 좀 일으켜 세워 주겠니?
거기에는 찬성할 수 없네
바지에서 알 수 없는 냄새가 나
"[저녁:날씨]에 [우박:날씨]이 떨어질 수도 있다는데, 그래?"
[몸:신체부위]도 가볍고 기분도 좋은데 [저녁:시간]에 [공원:장소]에라도 갈까 봐
"[집:장소]에 나 혼자인데, 어떻게 나를 도울래?"
[요즘:시간] 혼자 지내는 게 얼마나 무서운 일인지 깨닫고 있어
[오므라이스:음식]가 다 식어서 먹기 싫더라
어두우니까 짜증난다
